../Core/Src/main.c:78:6:HAL_TIM_IC_CaptureCallback	16	static
../Core/Src/main.c:87:6:HAL_UART_RxCpltCallback	16	static
../Core/Src/main.c:108:5:main	40	static
../Core/Src/main.c:179:6:SystemClock_Config	88	static
../Core/Src/main.c:225:13:MX_I2C1_Init	8	static
../Core/Src/main.c:259:13:MX_TIM1_Init	96	static
../Core/Src/main.c:334:13:MX_TIM3_Init	56	static
../Core/Src/main.c:398:13:MX_USART2_UART_Init	8	static
../Core/Src/main.c:431:13:MX_GPIO_Init	48	static
../Core/Src/main.c:464:6:AHT20_Init	24	static
../Core/Src/main.c:482:6:AHT20_Read	40	static
../Core/Src/main.c:515:6:Error_Handler	4	static,ignoring_inline_asm
