../Core/Src/main.c:82:6:HAL_ADC_ConvCpltCallback	16	static
../Core/Src/main.c:87:6:HAL_TIM_IC_CaptureCallback	16	static
../Core/Src/main.c:96:6:HAL_UART_RxCpltCallback	16	static
../Core/Src/main.c:117:5:main	56	static
../Core/Src/main.c:198:6:SystemClock_Config	88	static
../Core/Src/main.c:244:13:MX_ADC1_Init	24	static
../Core/Src/main.c:296:13:MX_I2C1_Init	8	static
../Core/Src/main.c:330:13:MX_TIM1_Init	96	static
../Core/Src/main.c:405:13:MX_TIM3_Init	56	static
../Core/Src/main.c:469:13:MX_USART2_UART_Init	8	static
../Core/Src/main.c:502:13:MX_GPIO_Init	48	static
../Core/Src/main.c:545:6:AHT20_Init	24	static
../Core/Src/main.c:563:6:AHT20_Read	40	static
../Core/Src/main.c:596:6:Error_Handler	4	static,ignoring_inline_asm
